2026-06-24 18:57:34,708 - __main__ - INFO - Starting preprocessing pipeline.
2026-06-24 18:57:34,709 - __main__ - INFO - No missing values detected.
2026-06-24 18:57:34,710 - __main__ - INFO - Preprocessing pipeline completed.
2026-06-24 18:58:51,511 - __main__ - INFO - Calories prediction pipeline started.
2026-06-24 18:58:51,511 - __main__ - INFO - Stage 1/3: Running data preprocessing.
2026-06-24 18:58:51,511 - data_preprocessing - INFO - No missing values detected.
2026-06-24 18:58:51,513 - __main__ - INFO - Stage 1/3 completed successfully.
2026-06-24 18:58:51,513 - __main__ - INFO - Stage 2/3: Running feature engineering.
2026-06-24 18:58:51,513 - feature_engineering - INFO - Starting feature generation pipeline.
2026-06-24 18:58:51,515 - feature_engineering - INFO - Loading processed dataset.
2026-06-24 18:58:51,516 - feature_engineering - INFO - Processed dataset loaded successfully. Shape: (5, 3)
2026-06-24 18:58:51,516 - feature_engineering - INFO - Starting feature engineering.
2026-06-24 18:58:51,519 - feature_engineering - INFO - Feature engineering complete. Generated 8 additional features.
2026-06-24 18:58:51,519 - feature_engineering - INFO - Output dataset shape: (5, 12)
2026-06-24 18:58:51,521 - feature_engineering - INFO - Feature dataset saved successfully.
2026-06-24 18:58:51,522 - __main__ - INFO - Stage 2/3 completed successfully.
2026-06-24 18:58:51,522 - __main__ - INFO - Stage 3/3: Running prediction.
2026-06-24 18:58:51,522 - predict - INFO - Starting prediction pipeline.
2026-06-24 18:58:51,522 - predict - INFO - Loading feature data for prediction.
2026-06-24 18:58:51,524 - predict - INFO - Feature data loaded successfully. Shape: (5, 12)
2026-06-24 18:58:51,524 - predict - INFO - Loading fitted power transformer.
2026-06-24 18:58:51,525 - predict - INFO - Applying power transformer to feature data.
2026-06-24 18:58:51,527 - predict - INFO - Feature transformation complete. Transformed shape: (5, 12)
2026-06-24 18:58:51,527 - predict - INFO - Loading trained Random Forest model.
2026-06-24 18:58:51,529 - predict - INFO - Generating predictions.
2026-06-24 18:58:51,548 - predict - INFO - Prediction complete. Generated 5 predictions.
2026-06-24 18:58:51,548 - __main__ - INFO - Generated 5 predictions.
2026-06-24 18:58:51,548 - __main__ - INFO - Combining predictions with processed data.
2026-06-24 18:58:51,548 - __main__ - INFO - Loading processed dataset for prediction output.
2026-06-24 18:58:51,549 - __main__ - INFO - Processed dataset loaded successfully. Shape: (5, 3)
2026-06-24 18:58:51,552 - __main__ - INFO - Results saved successfully to C:\Users\dooke\Projects\data-science-refresher\data\result\model_output.csv
2026-06-24 18:58:51,552 - __main__ - INFO - Calories prediction pipeline completed successfully.
